// Jest Snapshot v1, https://goo.gl/fbAQLP

exports[`e2e.routes.users POST /v1/users/auth With bad credentials returns an error list 1`] = `
Array [
  "Not Authorized",
]
`;
